
> @agency-platform/api@0.1.0 test:run
> vitest run src/services/__tests__/manual-confirmation.service.test.ts --maxWorkers=2


 RUN  v4.0.16 /Users/jon.high/agency-access/apps/api

 ❯ src/services/__tests__/manual-confirmation.service.test.ts (9 tests | 1 failed) 9ms
     × locks the connection, preserves evidence and siblings, audits, and recomputes progress 6ms
     ✓ is idempotent after verification and does not duplicate the audit 1ms
     ✓ rejects a non-user actor before opening a transaction 0ms
     ✓ allows only the exact development bypass actor in development 0ms
     ✓ rejects another tenant 0ms
     ✓ rejects an unrequested platform 0ms
     ✓ rejects a revoked request 0ms
     ✓ rejects an expired request 0ms
     ✓ rejects a connection without matching pending evidence 0ms

⎯⎯⎯⎯⎯⎯⎯ Failed Tests 1 ⎯⎯⎯⎯⎯⎯⎯

 FAIL  src/services/__tests__/manual-confirmation.service.test.ts > manualConfirmationService > locks the connection, preserves evidence and siblings, audits, and recomputes progress
AssertionError: expected "vi.fn()" to be called with arguments: [ { …(2) } ]

Received: 

  1st vi.fn() call:

@@ -14,11 +14,10 @@
            "platform": "shopify",
            "shopDomain": "store.myshopify.com",
            "verificationStatus": "pending",
          },
        },
-       "status": "active",
      },
      "where": {
        "id": "connection-1",
      },
    },


Number of calls: 1

 ❯ src/services/__tests__/manual-confirmation.service.test.ts:101:40
     99|     });
    100|     expect(tx.$queryRaw).toHaveBeenCalledTimes(2);
    101|     expect(tx.clientConnection.update).toHaveBeenCalledWith({
       |                                        ^
    102|       where: { id: 'connection-1' },
    103|       data: {

⎯⎯⎯⎯⎯⎯⎯⎯⎯⎯⎯⎯⎯⎯⎯⎯⎯⎯⎯⎯⎯⎯⎯⎯[1/1]⎯


 Test Files  1 failed (1)
      Tests  1 failed | 8 passed (9)
   Start at  15:02:10
   Duration  217ms (transform 74ms, setup 13ms, import 91ms, tests 9ms, environment 0ms)

npm error Lifecycle script `test:run` failed with error:
npm error code 1
npm error path /Users/jon.high/agency-access/apps/api
npm error workspace @agency-platform/api@0.1.0
npm error location /Users/jon.high/agency-access/apps/api
npm error command failed
npm error command sh -c vitest run src/services/__tests__/manual-confirmation.service.test.ts --maxWorkers=2
